<html>
<body>
<pre>
<h1>µVision Build Log</h1>
<h2>Tool Versions:</h2>
IDE-Version: µVision V5.25.2.0
Copyright (C) 2018 ARM Ltd and ARM Germany GmbH. All rights reserved.
License Information: vu huy hop, bku, LIC=----
 
Tool Versions:
Toolchain:       MDK-Lite  Version: 5.25.2.0
Toolchain Path:  C:\Keil_v5\ARM\ARMCC\Bin
C Compiler:      Armcc.exe V5.06 update 6 (build 750)
Assembler:       Armasm.exe V5.06 update 6 (build 750)
Linker/Locator:  ArmLink.exe V5.06 update 6 (build 750)
Library Manager: ArmAr.exe V5.06 update 6 (build 750)
Hex Converter:   FromElf.exe V5.06 update 6 (build 750)
CPU DLL:         SARMCM3.DLL V5.25.2.0
Dialog DLL:      DCM.DLL V1.17.1.0
Target DLL:      STLink\ST-LINKIII-KEIL_SWO.dll V3.0.1.0
Dialog DLL:      TCM.DLL V1.35.1.0
 
<h2>Project:</h2>
D:\Tai Lieu\doan\Light_Control_New\MDK-ARM\Light_Control_New.uvprojx
Project File Date:  05/07/2018

<h2>Output:</h2>
*** Using Compiler 'V5.06 update 6 (build 750)', folder: 'C:\Keil_v5\ARM\ARMCC\Bin'
Build target 'Light_Control_New'
compiling main.c...
..\Nokia-LCD5110-HAL-master\src\nokia5110_LCD.h(111): warning:  #1295-D: Deprecated declaration LCD_init - give arg types
  void LCD_init();
..\Nokia-LCD5110-HAL-master\src\nokia5110_LCD.h(116): warning:  #1295-D: Deprecated declaration LCD_clrScr - give arg types
  void LCD_clrScr();
..\Nokia-LCD5110-HAL-master\src\nokia5110_LCD.h(124): warning:  #1295-D: Deprecated declaration LCD_refreshScr - give arg types
  void LCD_refreshScr();
../Src/main.c(49): warning:  #177-D: function "_allocator"  was declared but never referenced
  static void *_allocator(size_t element, size_t typeSize);
../Src/main.c: 4 warnings, 0 errors
linking...
Program Size: Code=19198 RO-data=1306 RW-data=72 ZI-data=1904  
"Light_Control_New\Light_Control_New.axf" - 0 Error(s), 4 Warning(s).

<h2>Software Packages used:</h2>

Package Vendor: ARM
                http://www.keil.com/pack/ARM.CMSIS.5.3.0.pack
                ARM.CMSIS.5.3.0
                CMSIS (Cortex Microcontroller Software Interface Standard)
   * Component: CORE Version: 5.1.1

Package Vendor: Keil
                http://www.keil.com/pack/Keil.STM32F4xx_DFP.2.13.0.pack
                Keil.STM32F4xx_DFP.2.13.0
                STMicroelectronics STM32F4 Series Device Support, Drivers and Examples

<h2>Collection of Component include folders:</h2>
  .\RTE\_Light_Control_New
  C:\Keil_v5\ARM\PACK\ARM\CMSIS\5.3.0\CMSIS\Include
  C:\Keil_v5\ARM\PACK\Keil\STM32F4xx_DFP\2.13.0\Drivers\CMSIS\Device\ST\STM32F4xx\Include

<h2>Collection of Component Files used:</h2>

   * Component: ARM::CMSIS:CORE:5.1.1
Build Time Elapsed:  00:00:08
</pre>
</body>
</html>
